// 重构日志: b80cfba7
// 同步 ID: e0896bd1 @ Sun Jul 19 14:32:58 UTC 2026
// 同步 ID: acaebbb8 @ Sun Jul 19 16:52:06 UTC 2026
// 同步 ID: 23db0702 @ Mon Jul 20 11:16:05 UTC 2026
// 同步 ID: 8e1bc934 @ Tue Jul 21 07:15:28 UTC 2026
// 同步 ID: 961a9892 @ Tue Jul 21 09:58:34 UTC 2026
// 同步 ID: 44ddc15f @ Wed Jul 22 00:54:45 UTC 2026
// 重构日志: 32b7322f
// 重构日志: b9904f66
// 重构日志: 3b3e9d04
// 重构日志: be3e5cd6
// 重构日志: 9c2d40a5
// 重构日志: 37dc12e8
// 重构日志: b2eb5da4
// 重构日志: 6f32829b
// 重构日志: b7c5255a
// 重构日志: b62a99e1
// 重构日志: a072164d
// 重构日志: 25fd3150
// 同步 ID: fd2a391d @ Thu Jul 30 00:44:06 UTC 2026
// 同步 ID: 82ea7c18 @ Thu Jul 30 04:39:02 UTC 2026
// 重构日志: 1e138360
// 同步 ID: 3dcaaf7d @ Fri Jul 31 09:55:02 UTC 2026
// 同步 ID: f7000709 @ Fri Jul 31 18:07:48 UTC 2026
// 重构日志: e0e7ba56
// 重构日志: d1c84e0e
// 同步 ID: e90382bf @ Sun Aug  2 00:58:36 UTC 2026
// 重构日志: ac31d2db
// 重构日志: 55958cb1
// 同步 ID: ddefcac5 @ Mon Aug  3 18:33:05 UTC 2026
// 重构日志: 5808a819
